c:\users\enearle\onedrive\desktop\portfolio pieces\directx\directx\directxproject\directxproject\x64\debug\vc143.pdb
c:\users\enearle\onedrive\desktop\portfolio pieces\directx\directx\directxproject\directxproject\x64\debug\vc143.idb
c:\users\enearle\onedrive\desktop\portfolio pieces\directx\directx\directxproject\directxproject\x64\debug\week4-6-shapescomplete.obj
c:\users\enearle\onedrive\desktop\portfolio pieces\directx\directx\directxproject\directxproject\x64\debug\physicsengine.obj
c:\users\enearle\onedrive\desktop\portfolio pieces\directx\directx\directxproject\directxproject\x64\debug\labyrinthgen.obj
c:\users\enearle\onedrive\desktop\portfolio pieces\directx\directx\directxproject\directxproject\x64\debug\gpuwaves.obj
c:\users\enearle\onedrive\desktop\portfolio pieces\directx\directx\directxproject\directxproject\x64\debug\frameresource.obj
c:\users\enearle\onedrive\desktop\portfolio pieces\directx\directx\directxproject\directxproject\x64\debug\mathhelper.obj
c:\users\enearle\onedrive\desktop\portfolio pieces\directx\directx\directxproject\directxproject\x64\debug\geometrygenerator.obj
c:\users\enearle\onedrive\desktop\portfolio pieces\directx\directx\directxproject\directxproject\x64\debug\gametimer.obj
c:\users\enearle\onedrive\desktop\portfolio pieces\directx\directx\directxproject\directxproject\x64\debug\ddstextureloader.obj
c:\users\enearle\onedrive\desktop\portfolio pieces\directx\directx\directxproject\directxproject\x64\debug\d3dutil.obj
c:\users\enearle\onedrive\desktop\portfolio pieces\directx\directx\directxproject\directxproject\x64\debug\d3dapp.obj
c:\users\enearle\onedrive\desktop\portfolio pieces\directx\directx\directxproject\directxproject\x64\debug\camera.obj
c:\users\enearle\onedrive\desktop\portfolio pieces\directx\directx\directxproject\x64\debug\directxproject.exe
c:\users\enearle\onedrive\desktop\portfolio pieces\directx\directx\directxproject\directxproject\x64\debug\directxproject.ilk
c:\users\enearle\onedrive\desktop\portfolio pieces\directx\directx\directxproject\x64\debug\directxproject.pdb
c:\users\enearle\onedrive\desktop\portfolio pieces\directx\directx\directxproject\directxproject\x64\debug\directxproject.tlog\cl.command.1.tlog
c:\users\enearle\onedrive\desktop\portfolio pieces\directx\directx\directxproject\directxproject\x64\debug\directxproject.tlog\cl.items.tlog
c:\users\enearle\onedrive\desktop\portfolio pieces\directx\directx\directxproject\directxproject\x64\debug\directxproject.tlog\cl.read.1.tlog
c:\users\enearle\onedrive\desktop\portfolio pieces\directx\directx\directxproject\directxproject\x64\debug\directxproject.tlog\cl.write.1.tlog
c:\users\enearle\onedrive\desktop\portfolio pieces\directx\directx\directxproject\directxproject\x64\debug\directxproject.tlog\link.command.1.tlog
c:\users\enearle\onedrive\desktop\portfolio pieces\directx\directx\directxproject\directxproject\x64\debug\directxproject.tlog\link.read.1.tlog
c:\users\enearle\onedrive\desktop\portfolio pieces\directx\directx\directxproject\directxproject\x64\debug\directxproject.tlog\link.write.1.tlog
